Removed Pin From Net: NetName=PA0 Pin=P4-1
Removed Pin From Net: NetName=PA1 Pin=P4-2
Removed Pin From Net: NetName=PA2 Pin=P4-3
Removed Pin From Net: NetName=PA3 Pin=P4-4
Removed Pin From Net: NetName=PA4 Pin=P4-5
Removed Pin From Net: NetName=PA5 Pin=P4-6
Removed Pin From Net: NetName=PA6 Pin=P4-7
Removed Pin From Net: NetName=PA7 Pin=P4-8
Removed Pin From Net: NetName=PA8 Pin=P4-9
Removed Pin From Net: NetName=PA9 Pin=P4-10
Removed Pin From Net: NetName=PA10 Pin=P4-11
Removed Pin From Net: NetName=PA11 Pin=P4-12
Removed Pin From Net: NetName=PA12 Pin=P4-13
Removed Pin From Net: NetName=PA15 Pin=P4-14
Removed Pin From Net: NetName=PB0 Pin=P5-1
Removed Pin From Net: NetName=PB1 Pin=P5-2
Removed Pin From Net: NetName=PB2 Pin=P5-3
Removed Pin From Net: NetName=PB3 Pin=P5-4
Removed Pin From Net: NetName=PB4 Pin=P5-5
Removed Pin From Net: NetName=PB5 Pin=P5-6
Removed Pin From Net: NetName=PB6 Pin=P5-7
Removed Pin From Net: NetName=PB7 Pin=P5-8
Removed Pin From Net: NetName=PB8 Pin=P5-9
Removed Pin From Net: NetName=PB9 Pin=P5-10
Removed Pin From Net: NetName=PB10 Pin=P5-11
Removed Pin From Net: NetName=PB11 Pin=P5-12
Removed Pin From Net: NetName=PB12 Pin=P5-13
Removed Pin From Net: NetName=PB13 Pin=P5-14
Removed Pin From Net: NetName=PB14 Pin=P5-15
Removed Pin From Net: NetName=PB15 Pin=P5-16
Removed Pin From Net: NetName=PA0 Pin=R3-1
Removed Pin From Net: NetName=PA0 Pin=R4-2
Removed Pin From Net: NetName=PA1 Pin=R5-1
Removed Pin From Net: NetName=PA1 Pin=R6-2
Removed Pin From Net: NetName=PA2 Pin=R7-1
Removed Pin From Net: NetName=PA2 Pin=R8-2
Removed Pin From Net: NetName=PA3 Pin=R9-1
Removed Pin From Net: NetName=PA3 Pin=R10-2
Removed Pin From Net: NetName=PA4 Pin=R11-1
Removed Pin From Net: NetName=PA4 Pin=R12-2
Removed Pin From Net: NetName=PA5 Pin=R13-1
Removed Pin From Net: NetName=PA5 Pin=R14-2
Removed Pin From Net: NetName=PA6 Pin=R15-1
Removed Pin From Net: NetName=PA6 Pin=R16-2
Removed Pin From Net: NetName=PA7 Pin=R17-1
Removed Pin From Net: NetName=PA7 Pin=R18-2
Removed Pin From Net: NetName=PA8 Pin=R19-1
Removed Pin From Net: NetName=PA8 Pin=R20-2
Removed Pin From Net: NetName=PA9 Pin=R21-1
Removed Pin From Net: NetName=PA9 Pin=R22-2
Removed Pin From Net: NetName=PA10 Pin=R23-1
Removed Pin From Net: NetName=PA10 Pin=R24-2
Removed Pin From Net: NetName=PA11 Pin=R25-1
Removed Pin From Net: NetName=PA11 Pin=R26-2
Removed Pin From Net: NetName=PA12 Pin=R27-1
Removed Pin From Net: NetName=PA12 Pin=R28-2
Removed Pin From Net: NetName=PA15 Pin=R29-1
Removed Pin From Net: NetName=PA15 Pin=R30-2
Removed Pin From Net: NetName=PB0 Pin=R31-1
Removed Pin From Net: NetName=PB0 Pin=R32-2
Removed Pin From Net: NetName=PB1 Pin=R33-1
Removed Pin From Net: NetName=PB1 Pin=R34-2
Removed Pin From Net: NetName=PB2 Pin=R35-1
Removed Pin From Net: NetName=PB2 Pin=R36-2
Removed Pin From Net: NetName=PB3 Pin=R37-1
Removed Pin From Net: NetName=PB3 Pin=R38-2
Removed Pin From Net: NetName=PB4 Pin=R39-1
Removed Pin From Net: NetName=PB4 Pin=R40-2
Removed Pin From Net: NetName=PB5 Pin=R41-1
Removed Pin From Net: NetName=PB5 Pin=R42-2
Removed Pin From Net: NetName=PB6 Pin=R43-1
Removed Pin From Net: NetName=PB6 Pin=R44-2
Removed Pin From Net: NetName=PB7 Pin=R45-1
Removed Pin From Net: NetName=PB7 Pin=R46-2
Removed Pin From Net: NetName=PB8 Pin=R47-1
Removed Pin From Net: NetName=PB8 Pin=R48-2
Removed Pin From Net: NetName=PB9 Pin=R49-1
Removed Pin From Net: NetName=PB9 Pin=R50-2
Removed Pin From Net: NetName=PB10 Pin=R51-1
Removed Pin From Net: NetName=PB10 Pin=R52-2
Removed Pin From Net: NetName=PB11 Pin=R53-1
Removed Pin From Net: NetName=PB11 Pin=R54-2
Removed Pin From Net: NetName=PB12 Pin=R55-1
Removed Pin From Net: NetName=PB12 Pin=R56-2
Removed Pin From Net: NetName=PB13 Pin=R57-1
Removed Pin From Net: NetName=PB13 Pin=R58-2
Removed Pin From Net: NetName=PB14 Pin=R59-1
Removed Pin From Net: NetName=PB14 Pin=R60-2
Removed Pin From Net: NetName=PB15 Pin=R61-1
Removed Pin From Net: NetName=PB15 Pin=R62-2
Added Pin To Net: NetName=NetR3_1 Pin=R3-1
Added Pin To Net: NetName=NetR3_1 Pin=R4-2
Added Net: Name=NetR3_1
Added Pin To Net: NetName=NetR5_1 Pin=R5-1
Added Pin To Net: NetName=NetR5_1 Pin=R6-2
Added Net: Name=NetR5_1
Added Pin To Net: NetName=NetR7_1 Pin=R7-1
Added Pin To Net: NetName=NetR7_1 Pin=R8-2
Added Net: Name=NetR7_1
Added Pin To Net: NetName=NetR9_1 Pin=R9-1
Added Pin To Net: NetName=NetR9_1 Pin=R10-2
Added Net: Name=NetR9_1
Added Pin To Net: NetName=NetR11_1 Pin=R11-1
Added Pin To Net: NetName=NetR11_1 Pin=R12-2
Added Net: Name=NetR11_1
Added Pin To Net: NetName=NetR13_1 Pin=R13-1
Added Pin To Net: NetName=NetR13_1 Pin=R14-2
Added Net: Name=NetR13_1
Added Pin To Net: NetName=NetR15_1 Pin=R15-1
Added Pin To Net: NetName=NetR15_1 Pin=R16-2
Added Net: Name=NetR15_1
Added Pin To Net: NetName=NetR17_1 Pin=R17-1
Added Pin To Net: NetName=NetR17_1 Pin=R18-2
Added Net: Name=NetR17_1
Added Pin To Net: NetName=NetR19_1 Pin=R19-1
Added Pin To Net: NetName=NetR19_1 Pin=R20-2
Added Net: Name=NetR19_1
Added Pin To Net: NetName=NetR21_1 Pin=R21-1
Added Pin To Net: NetName=NetR21_1 Pin=R22-2
Added Net: Name=NetR21_1
Added Pin To Net: NetName=NetR23_1 Pin=R23-1
Added Pin To Net: NetName=NetR23_1 Pin=R24-2
Added Net: Name=NetR23_1
Added Pin To Net: NetName=NetR25_1 Pin=R25-1
Added Pin To Net: NetName=NetR25_1 Pin=R26-2
Added Net: Name=NetR25_1
Added Pin To Net: NetName=NetR27_1 Pin=R27-1
Added Pin To Net: NetName=NetR27_1 Pin=R28-2
Added Net: Name=NetR27_1
Added Pin To Net: NetName=NetR29_1 Pin=R29-1
Added Pin To Net: NetName=NetR29_1 Pin=R30-2
Added Net: Name=NetR29_1
Added Pin To Net: NetName=NetR31_1 Pin=R31-1
Added Pin To Net: NetName=NetR31_1 Pin=R32-2
Added Net: Name=NetR31_1
Added Pin To Net: NetName=NetR33_1 Pin=R33-1
Added Pin To Net: NetName=NetR33_1 Pin=R34-2
Added Net: Name=NetR33_1
Added Pin To Net: NetName=NetR35_1 Pin=R35-1
Added Pin To Net: NetName=NetR35_1 Pin=R36-2
Added Net: Name=NetR35_1
Added Pin To Net: NetName=NetR37_1 Pin=R37-1
Added Pin To Net: NetName=NetR37_1 Pin=R38-2
Added Net: Name=NetR37_1
Added Pin To Net: NetName=NetR39_1 Pin=R39-1
Added Pin To Net: NetName=NetR39_1 Pin=R40-2
Added Net: Name=NetR39_1
Added Pin To Net: NetName=NetR41_1 Pin=R41-1
Added Pin To Net: NetName=NetR41_1 Pin=R42-2
Added Net: Name=NetR41_1
Added Pin To Net: NetName=NetR43_1 Pin=R43-1
Added Pin To Net: NetName=NetR43_1 Pin=R44-2
Added Net: Name=NetR43_1
Added Pin To Net: NetName=NetR45_1 Pin=R45-1
Added Pin To Net: NetName=NetR45_1 Pin=R46-2
Added Net: Name=NetR45_1
Added Pin To Net: NetName=NetR47_1 Pin=R47-1
Added Pin To Net: NetName=NetR47_1 Pin=R48-2
Added Net: Name=NetR47_1
Added Pin To Net: NetName=NetR49_1 Pin=R49-1
Added Pin To Net: NetName=NetR49_1 Pin=R50-2
Added Net: Name=NetR49_1
Added Pin To Net: NetName=NetR51_1 Pin=R51-1
Added Pin To Net: NetName=NetR51_1 Pin=R52-2
Added Net: Name=NetR51_1
Added Pin To Net: NetName=NetR53_1 Pin=R53-1
Added Pin To Net: NetName=NetR53_1 Pin=R54-2
Added Net: Name=NetR53_1
Added Pin To Net: NetName=NetR55_1 Pin=R55-1
Added Pin To Net: NetName=NetR55_1 Pin=R56-2
Added Net: Name=NetR55_1
Added Pin To Net: NetName=NetR57_1 Pin=R57-1
Added Pin To Net: NetName=NetR57_1 Pin=R58-2
Added Net: Name=NetR57_1
Added Pin To Net: NetName=NetR59_1 Pin=R59-1
Added Pin To Net: NetName=NetR59_1 Pin=R60-2
Added Net: Name=NetR59_1
Added Pin To Net: NetName=NetR61_1 Pin=R61-1
Added Pin To Net: NetName=NetR61_1 Pin=R62-2
Added Net: Name=NetR61_1
